[924:3620:0707/200301.345:WARNING:chrome_main_delegate.cc(745)] This is Chrome version 128.0.6613.138 (not a warning)
[924:22460:0707/200301.435:ERROR:google_update_settings.cc(265)] Failed opening key Software\Chromium to set usagestats; result: 5
[924:3620:0707/200301.444:WARNING:account_consistency_mode_manager.cc(77)] Desktop Identity Consistency cannot be enabled as no OAuth client ID and client secret have been configured.
[924:3620:0707/200308.618:ERROR:device_event_log_impl.cc(196)] [20:03:08.284] USB: usb_service_win.cc:105 SetupDiGetDeviceProperty({{A45C254E-DF1C-4EFD-8020-67D146A850E0}, 6}) failed: No se ha encontrado el elemento. (0x490)
[31872:35944:0707/200309.948:WARNING:frame_impl.cc(430)] virtual CefFrameImpl::SendProcessMessage sent to detached frame 5-83DCA8E44259B6FAD9A15D3C5F9F2C30 will be ignored
[34172:22532:0707/200311.323:WARNING:frame_impl.cc(430)] virtual CefFrameImpl::SendProcessMessage sent to detached frame 6-7BCFE34D3F8DED0DB719F924ED7DC6A9 will be ignored
[40180:35132:0707/200311.661:ERROR:ssl_client_socket_impl.cc(882)] handshake failed; returned -1, SSL error code 1, net_error -100
[35280:22484:0707/200311.950:ERROR:shared_image_manager.cc(224)] SharedImageManager::ProduceSkia: Trying to Produce a Skia representation from a non-existent mailbox.
[924:40396:0707/200312.092:ERROR:cast_crl.cc(443)] CRL - Verification failed.
[40180:35132:0707/200312.291:ERROR:ssl_client_socket_impl.cc(882)] handshake failed; returned -1, SSL error code 1, net_error -107
[24272:6948:0707/200312.881:WARNING:codec.cc(525)] Explicitly added H264 constrained baseline to list of supported formats.
[24272:20056:0707/200312.923:WARNING:codec.cc(525)] Explicitly added H264 constrained baseline to list of supported formats.
[24272:20056:0707/200312.924:WARNING:codec.cc(525)] Explicitly added H264 constrained baseline to list of supported formats.
[24272:20056:0707/200312.924:WARNING:codec.cc(525)] Explicitly added H264 constrained baseline to list of supported formats.
[40180:35132:0707/200313.012:WARNING:host_resolver_dns_task.cc(863)] Address list empty after RFC3484 sort
[40180:35132:0707/200313.013:WARNING:host_resolver_dns_task.cc(863)] Address list empty after RFC3484 sort
[40180:35132:0707/200313.016:WARNING:host_resolver_dns_task.cc(863)] Address list empty after RFC3484 sort
[40180:35132:0707/200313.046:ERROR:socket_manager.cc(147)] Failed to resolve address for stun.cloudflare.com., errorcode: -105
[40180:35132:0707/200313.046:ERROR:socket_manager.cc(147)] Failed to resolve address for stun.cloudflare.com., errorcode: -105
[40180:35132:0707/200313.046:ERROR:socket_manager.cc(147)] Failed to resolve address for stun.cloudflare.com., errorcode: -105
[40180:35132:0707/200313.046:ERROR:socket_manager.cc(147)] Failed to resolve address for stun1.l.google.com., errorcode: -105
[40180:35132:0707/200313.046:ERROR:socket_manager.cc(147)] Failed to resolve address for stun1.l.google.com., errorcode: -105
[40180:35132:0707/200313.046:ERROR:socket_manager.cc(147)] Failed to resolve address for stun1.l.google.com., errorcode: -105
[40180:35132:0707/200313.046:ERROR:socket_manager.cc(147)] Failed to resolve address for stun.l.google.com., errorcode: -105
[40180:35132:0707/200313.046:ERROR:socket_manager.cc(147)] Failed to resolve address for stun.l.google.com., errorcode: -105
[40180:35132:0707/200313.046:ERROR:socket_manager.cc(147)] Failed to resolve address for stun.l.google.com., errorcode: -105
[24272:20056:0707/200313.046:WARNING:stun_port.cc(442)] Port[1049000:0:1:0:host:Net[any:0:0:0:x:x:x:x:x/0:Wildcard:id=0]]: StunPort: stun host lookup received error -1
[24272:20056:0707/200313.046:WARNING:stun_port.cc(442)] Port[1049800:1:1:0:host:Net[any:0:0:0:x:x:x:x:x/0:Wildcard:id=0]]: StunPort: stun host lookup received error -1
[24272:20056:0707/200313.048:WARNING:stun_port.cc(442)] Port[104a000:2:1:0:host:Net[any:0:0:0:x:x:x:x:x/0:Wildcard:id=0]]: StunPort: stun host lookup received error -1
[24272:20056:0707/200313.048:WARNING:stun_port.cc(442)] Port[1049000:0:1:0:host:Net[any:0:0:0:x:x:x:x:x/0:Wildcard:id=0]]: StunPort: stun host lookup received error -1
[24272:20056:0707/200313.048:WARNING:stun_port.cc(442)] Port[1049800:1:1:0:host:Net[any:0:0:0:x:x:x:x:x/0:Wildcard:id=0]]: StunPort: stun host lookup received error -1
[24272:20056:0707/200313.048:WARNING:stun_port.cc(442)] Port[104a000:2:1:0:host:Net[any:0:0:0:x:x:x:x:x/0:Wildcard:id=0]]: StunPort: stun host lookup received error -1
[24272:20056:0707/200313.048:WARNING:stun_port.cc(442)] Port[1049000:0:1:0:host:Net[any:0:0:0:x:x:x:x:x/0:Wildcard:id=0]]: StunPort: stun host lookup received error -1
[24272:20056:0707/200313.048:WARNING:stun_port.cc(442)] Port[1049800:1:1:0:host:Net[any:0:0:0:x:x:x:x:x/0:Wildcard:id=0]]: StunPort: stun host lookup received error -1
[24272:20056:0707/200313.048:WARNING:stun_port.cc(442)] Port[104a000:2:1:0:host:Net[any:0:0:0:x:x:x:x:x/0:Wildcard:id=0]]: StunPort: stun host lookup received error -1
[924:40396:0707/200314.284:WARNING:browser_info.cc(345)] Returning a speculative frame for [10,9]
[924:3620:0707/200314.713:WARNING:browser_info.cc(345)] Returning a speculative frame for [12,9]
[924:3620:0707/200314.714:WARNING:browser_info.cc(345)] Returning a speculative frame for [12,9]
[924:3620:0707/200314.714:WARNING:browser_info.cc(345)] Returning a speculative frame for [12,9]
[924:3620:0707/200314.715:WARNING:browser_info.cc(345)] Returning a speculative frame for [12,9]
[924:40396:0707/200314.951:WARNING:browser_info.cc(345)] Returning a speculative frame for [12,9]
[14868:5032:0707/200316.282:WARNING:codec.cc(525)] Explicitly added H264 constrained baseline to list of supported formats.
[14868:8120:0707/200316.338:WARNING:codec.cc(525)] Explicitly added H264 constrained baseline to list of supported formats.
[14868:8120:0707/200316.338:WARNING:codec.cc(525)] Explicitly added H264 constrained baseline to list of supported formats.
[14868:8120:0707/200316.339:WARNING:codec.cc(525)] Explicitly added H264 constrained baseline to list of supported formats.
[40180:35132:0707/200317.017:WARNING:host_resolver_dns_task.cc(863)] Address list empty after RFC3484 sort
[40180:35132:0707/200317.017:WARNING:host_resolver_dns_task.cc(863)] Address list empty after RFC3484 sort
[40180:35132:0707/200317.017:WARNING:host_resolver_dns_task.cc(863)] Address list empty after RFC3484 sort
[40180:35132:0707/200317.017:ERROR:socket_manager.cc(147)] Failed to resolve address for stun.l.google.com., errorcode: -105
[40180:35132:0707/200317.018:ERROR:socket_manager.cc(147)] Failed to resolve address for stun.l.google.com., errorcode: -105
[40180:35132:0707/200317.018:ERROR:socket_manager.cc(147)] Failed to resolve address for stun.l.google.com., errorcode: -105
[14868:8120:0707/200317.018:WARNING:stun_port.cc(442)] Port[1277000:0:1:0:host:Net[any:0:0:0:x:x:x:x:x/0:Wildcard:id=0]]: StunPort: stun host lookup received error -1
[14868:8120:0707/200317.018:WARNING:stun_port.cc(442)] Port[1277800:1:1:0:host:Net[any:0:0:0:x:x:x:x:x/0:Wildcard:id=0]]: StunPort: stun host lookup received error -1
[40180:35132:0707/200317.018:ERROR:socket_manager.cc(147)] Failed to resolve address for stun1.l.google.com., errorcode: -105
[40180:35132:0707/200317.018:ERROR:socket_manager.cc(147)] Failed to resolve address for stun1.l.google.com., errorcode: -105
[40180:35132:0707/200317.018:ERROR:socket_manager.cc(147)] Failed to resolve address for stun1.l.google.com., errorcode: -105
[40180:35132:0707/200317.018:ERROR:socket_manager.cc(147)] Failed to resolve address for stun.cloudflare.com., errorcode: -105
[14868:8120:0707/200317.018:WARNING:stun_port.cc(442)] Port[1277c00:2:1:0:host:Net[any:0:0:0:x:x:x:x:x/0:Wildcard:id=0]]: StunPort: stun host lookup received error -1
[40180:35132:0707/200317.018:ERROR:socket_manager.cc(147)] Failed to resolve address for stun.cloudflare.com., errorcode: -105
[40180:35132:0707/200317.018:ERROR:socket_manager.cc(147)] Failed to resolve address for stun.cloudflare.com., errorcode: -105
[14868:8120:0707/200317.018:WARNING:stun_port.cc(442)] Port[1277000:0:1:0:host:Net[any:0:0:0:x:x:x:x:x/0:Wildcard:id=0]]: StunPort: stun host lookup received error -1
[14868:8120:0707/200317.018:WARNING:stun_port.cc(442)] Port[1277800:1:1:0:host:Net[any:0:0:0:x:x:x:x:x/0:Wildcard:id=0]]: StunPort: stun host lookup received error -1
[14868:8120:0707/200317.018:WARNING:stun_port.cc(442)] Port[1277c00:2:1:0:host:Net[any:0:0:0:x:x:x:x:x/0:Wildcard:id=0]]: StunPort: stun host lookup received error -1
[14868:8120:0707/200317.018:WARNING:stun_port.cc(442)] Port[1277000:0:1:0:host:Net[any:0:0:0:x:x:x:x:x/0:Wildcard:id=0]]: StunPort: stun host lookup received error -1
[14868:8120:0707/200317.018:WARNING:stun_port.cc(442)] Port[1277800:1:1:0:host:Net[any:0:0:0:x:x:x:x:x/0:Wildcard:id=0]]: StunPort: stun host lookup received error -1
[14868:8120:0707/200317.018:WARNING:stun_port.cc(442)] Port[1277c00:2:1:0:host:Net[any:0:0:0:x:x:x:x:x/0:Wildcard:id=0]]: StunPort: stun host lookup received error -1
[40180:35132:0707/200321.956:ERROR:ssl_client_socket_impl.cc(882)] handshake failed; returned -1, SSL error code 1, net_error -100
[14868:5032:0707/200323.309:WARNING:codec.cc(525)] Explicitly added H264 constrained baseline to list of supported formats.
[14868:5032:0707/200323.325:WARNING:codec.cc(525)] Explicitly added H264 constrained baseline to list of supported formats.
[14868:8120:0707/200323.336:WARNING:codec.cc(525)] Explicitly added H264 constrained baseline to list of supported formats.
[14868:8120:0707/200323.336:WARNING:codec.cc(525)] Explicitly added H264 constrained baseline to list of supported formats.
[14868:8120:0707/200323.337:WARNING:codec.cc(525)] Explicitly added H264 constrained baseline to list of supported formats.
[40180:35132:0707/200323.669:WARNING:host_resolver_dns_task.cc(863)] Address list empty after RFC3484 sort
[40180:35132:0707/200323.669:ERROR:socket_manager.cc(147)] Failed to resolve address for stun.cloudflare.com., errorcode: -105
[40180:35132:0707/200323.670:ERROR:socket_manager.cc(147)] Failed to resolve address for stun.cloudflare.com., errorcode: -105
[40180:35132:0707/200323.670:ERROR:socket_manager.cc(147)] Failed to resolve address for stun.cloudflare.com., errorcode: -105
[14868:8120:0707/200323.670:WARNING:stun_port.cc(442)] Port[1276c00:0:1:0:host:Net[any:0:0:0:x:x:x:x:x/0:Wildcard:id=0]]: StunPort: stun host lookup received error -1
[14868:8120:0707/200323.670:WARNING:stun_port.cc(442)] Port[1277400:1:1:0:host:Net[any:0:0:0:x:x:x:x:x/0:Wildcard:id=0]]: StunPort: stun host lookup received error -1
[14868:8120:0707/200323.670:WARNING:stun_port.cc(442)] Port[1274000:2:1:0:host:Net[any:0:0:0:x:x:x:x:x/0:Wildcard:id=0]]: StunPort: stun host lookup received error -1
[40180:35132:0707/200323.675:WARNING:host_resolver_dns_task.cc(863)] Address list empty after RFC3484 sort
[40180:35132:0707/200323.675:ERROR:socket_manager.cc(147)] Failed to resolve address for stun.l.google.com., errorcode: -105
[40180:35132:0707/200323.675:ERROR:socket_manager.cc(147)] Failed to resolve address for stun.l.google.com., errorcode: -105
[40180:35132:0707/200323.675:ERROR:socket_manager.cc(147)] Failed to resolve address for stun.l.google.com., errorcode: -105
[14868:8120:0707/200323.675:WARNING:stun_port.cc(442)] Port[1276c00:0:1:0:host:Net[any:0:0:0:x:x:x:x:x/0:Wildcard:id=0]]: StunPort: stun host lookup received error -1
[14868:8120:0707/200323.675:WARNING:stun_port.cc(442)] Port[1277400:1:1:0:host:Net[any:0:0:0:x:x:x:x:x/0:Wildcard:id=0]]: StunPort: stun host lookup received error -1
[14868:8120:0707/200323.675:WARNING:stun_port.cc(442)] Port[1274000:2:1:0:host:Net[any:0:0:0:x:x:x:x:x/0:Wildcard:id=0]]: StunPort: stun host lookup received error -1
[40180:35132:0707/200323.676:WARNING:host_resolver_dns_task.cc(863)] Address list empty after RFC3484 sort
[40180:35132:0707/200323.676:ERROR:socket_manager.cc(147)] Failed to resolve address for stun1.l.google.com., errorcode: -105
[40180:35132:0707/200323.676:ERROR:socket_manager.cc(147)] Failed to resolve address for stun1.l.google.com., errorcode: -105
[40180:35132:0707/200323.676:ERROR:socket_manager.cc(147)] Failed to resolve address for stun1.l.google.com., errorcode: -105
[14868:8120:0707/200323.676:WARNING:stun_port.cc(442)] Port[1276c00:0:1:0:host:Net[any:0:0:0:x:x:x:x:x/0:Wildcard:id=0]]: StunPort: stun host lookup received error -1
[14868:8120:0707/200323.676:WARNING:stun_port.cc(442)] Port[1277400:1:1:0:host:Net[any:0:0:0:x:x:x:x:x/0:Wildcard:id=0]]: StunPort: stun host lookup received error -1
[14868:8120:0707/200323.677:WARNING:stun_port.cc(442)] Port[1274000:2:1:0:host:Net[any:0:0:0:x:x:x:x:x/0:Wildcard:id=0]]: StunPort: stun host lookup received error -1
[40180:35132:0707/200330.618:ERROR:ssl_client_socket_impl.cc(882)] handshake failed; returned -1, SSL error code 1, net_error -107
[924:3620:0707/200411.712:WARNING:pref_notifier_impl.cc(41)] Pref observer for media_router.cast_allow_all_ips found at shutdown.
